2025-12-07 10:37:51 - Script started
RECEIVED: {"method":"initialize","params":{"protocolVersion":"2025-11-25","capabilities":{"roots":{"listChanged":true}},"clientInfo":{"name":"gemini-cli-mcp-client","version":"0.0.1"}},"jsonrpc":"2.0","id":0}

METHOD: initialize
CLIENT VERSION: 2025-11-25
SENT: {"jsonrpc":"2.0","id":0,"result":{"protocolVersion":"2025-11-25","capabilities":{"tools":{},"prompts":{},"resources":{}},"serverInfo":{"name":"Test Server","version":"1.0.0"}}}
RECEIVED: {"method":"notifications/initialized","jsonrpc":"2.0"}

METHOD: notifications/initialized
RECEIVED: {"method":"prompts/list","params":{},"jsonrpc":"2.0","id":1}

METHOD: prompts/list
RECEIVED: {"jsonrpc":"2.0","method":"notifications/cancelled","params":{"requestId":1,"reason":"McpError: MCP error -32001: Request timed out"}}

METHOD: notifications/cancelled
RECEIVED: {"method":"tools/list","params":{},"jsonrpc":"2.0","id":2}

METHOD: tools/list
RECEIVED: {"jsonrpc":"2.0","method":"notifications/cancelled","params":{"requestId":2,"reason":"McpError: MCP error -32001: Request timed out"}}

METHOD: notifications/cancelled
